// Vitest Snapshot v1, https://vitest.dev/guide/snapshot.html

exports[`style > matches the snapshot 1`] = `
[
  {
    "selector": "node",
    "style": {
      "height": 20,
      "label": "data(label)",
      "width": 20,
    },
  },
  {
    "selector": "node[termType = "NamedNode"]",
    "style": {
      "background-color": "#fbbf24",
    },
  },
  {
    "selector": "node[termType = "Literal"]",
    "style": {
      "background-color": "#000",
    },
  },
  {
    "selector": "label",
    "style": {
      "font-size": "5px",
    },
  },
  {
    "selector": "edge",
    "style": {
      "curve-style": "bezier",
      "label": "data(label)",
      "line-color": "#C4C8CD",
      "target-arrow-color": "#C4C8CD",
      "target-arrow-shape": "triangle",
      "width": 2,
    },
  },
]
`;
