// Vitest Snapshot v1, https://vitest.dev/guide/snapshot.html

exports[`Sparql example queries > import correctly 1`] = `
[
  {
    "query": "SELECT * WHERE { ?s ?p ?o } LIMIT 100",
    "queryName": "Select bindings for first 100 triples",
  },
  {
    "query": "CONSTRUCT WHERE { ?s ?p ?o } LIMIT 100",
    "queryName": "Construct from first 100 triples",
  },
  {
    "query": "ASK { ?s ?p ?o }",
    "queryName": "Ask if any triples exist",
  },
  {
    "query": "PREFIX owl: <http://www.w3.org/2002/07/owl#>

CONSTRUCT {?o ?p2 ?s}
WHERE {
  ?p2 owl:inverseOf ?p1 .
  ?s ?p1 ?o
}",
    "queryName": "Infer from owl:inverseOf",
  },
  {
    "query": "PREFIX owl: <http://www.w3.org/2002/07/owl#>
PREFIX rdf: <http://www.w3.org/1999/02/22-rdf-syntax-ns#>

CONSTRUCT {?a owl:sameAs ?b}
WHERE {
	?p rdf:type owl:FunctionalProperty .
	?x ?p ?a .
	?x ?p ?b
	FILTER (?a != ?b)
}",
    "queryName": "Infer sameness from owl:FunctionalProperty",
  },
  {
    "query": "PREFIX owl: <http://www.w3.org/2002/07/owl#>
PREFIX rdf: <http://www.w3.org/1999/02/22-rdf-syntax-ns#>

CONSTRUCT {?a owl:sameAs ?b}
WHERE {
	?p rdf:type owl:InverseFunctionalProperty .
	?a ?p ?x .
	?b ?p ?x
	FILTER (?a != ?b)
}",
    "queryName": "Infer sameness from owl:InverseFunctionalProperty",
  },
  {
    "query": "PREFIX rdfs: <http://www.w3.org/2000/01/rdf-schema#>
PREFIX rdf: <http://www.w3.org/1999/02/22-rdf-syntax-ns#>

CONSTRUCT {?o rdf:type ?A}
WHERE {
	?P rdfs:range ?A .
	?s ?P ?o }",
    "queryName": "Infer class from rdfs:range",
  },
  {
    "query": "PREFIX rdfs: <http://www.w3.org/2000/01/rdf-schema#>
PREFIX rdf: <http://www.w3.org/1999/02/22-rdf-syntax-ns#>

CONSTRUCT {?s rdf:type ?A}
WHERE {
	?P rdfs:domain ?A .
	?s ?P ?o }",
    "queryName": "Infer class from rdfs:domain",
  },
  {
    "query": "PREFIX owl: <http://www.w3.org/2002/07/owl#>

CONSTRUCT { ?x ?p ?o }
WHERE { 
	?y ?p ?o .
	?x owl:sameAs ?y .
}",
    "queryName": "Infer from owl:sameAs (subject)",
  },
  {
    "query": "PREFIX owl: <http://www.w3.org/2002/07/owl#>

CONSTRUCT { ?s ?x ?o }
WHERE { 
	?s ?y ?o .
	?x owl:sameAs ?y . 
}",
    "queryName": "Infer from owl:sameAs (predicate)",
  },
  {
    "query": "PREFIX owl: <http://www.w3.org/2002/07/owl#>

CONSTRUCT { ?s ?p ?x }
WHERE { 
	?s ?p ?y .
	?x owl:sameAs ?y . 
}",
    "queryName": "Infer from owl:sameAs (object)",
  },
  {
    "query": "PREFIX owl: <http://www.w3.org/2002/07/owl#>

CONSTRUCT { ?x ?p ?y }
WHERE { 
	?y ?p ?x .
	?p a owl:SymmetricProperty .
}",
    "queryName": "Infer from owl:SymmetricProperty",
  },
  {
    "query": "PREFIX rdf: <http://www.w3.org/1999/02/22-rdf-syntax-ns#>
PREFIX owl: <http://www.w3.org/2002/07/owl#>

CONSTRUCT {?s rdf:type ?B}
WHERE {
	?A owl:equivalentClass ?B .
	?s rdf:type ?A .
}",
    "queryName": "Infer from owl:equivalentClass",
  },
  {
    "query": "PREFIX owl: <http://www.w3.org/2002/07/owl#>

CONSTRUCT {?a ?Q ?b}
WHERE {
	?a ?P ?b .
	?P owl:equivalentProperty ?Q .
}",
    "queryName": "Infer from owl:equivalentProperty",
  },
  {
    "query": "SELECT ?g ?s ?p ?o
WHERE {
{
	?s ?p ?o
}
UNION
{
	GRAPH ?g { ?s ?p ?o } }
}",
    "queryName": "Union data from all graphs",
  },
]
`;
